  1/1 Criterion_Decision: 0.000 ━━━━━━━━━━━━━━━━━━━━━━━━━━━━━━━━ 0:00:30 0:00:00
adhoc • nop
┏━━━━━━━┳━━━━━━━┳━━━━━━━┳━━━━━━━┳━━━━━━━┳━━━━━━━┳━━━━━━━┳━━━━━━━┳━━━━━━┳━━━━━━━┓
┃ Tria… ┃ Exce… ┃ Crit… ┃ Crit… ┃ Crit… ┃ Crit… ┃ Crit… ┃ Crit… ┃ Cri… ┃ Rewa… ┃
┡━━━━━━━╇━━━━━━━╇━━━━━━━╇━━━━━━━╇━━━━━━━╇━━━━━━━╇━━━━━━━╇━━━━━━━╇━━━━━━╇━━━━━━━┩
│     1 │     0 │ 0.000 │ 0.000 │ 0.000 │ 0.000 │ 0.000 │ 0.000 │ 0.0… │ 0.000 │
└───────┴───────┴───────┴───────┴───────┴───────┴───────┴───────┴──────┴───────┘

┏━━━━━━━━┳━━━━━━━┓
┃ Reward ┃ Count ┃
┡━━━━━━━━╇━━━━━━━┩
│ 0      │     1 │
│ 0      │     1 │
│ 0      │     1 │
│ 0      │     1 │
│ 0      │     1 │
│ 0      │     1 │
│ 0      │     1 │
│ 0      │     1 │
└────────┴───────┘

Job Info
Total runtime: 30s
Results written to jobs/freeze-p31-nop/result.json
Inspect results by running `harbor view jobs`
Share results by running `harbor upload jobs/freeze-p31-nop`

