  1/1 Criterion_Decision: 0.000 ━━━━━━━━━━━━━━━━━━━━━━━━━━━━━━━━ 0:01:22 0:00:00
adhoc • nop
┏━━━━━━━┳━━━━━━━┳━━━━━━━┳━━━━━━━┳━━━━━━━┳━━━━━━━┳━━━━━━━┳━━━━━━━┳━━━━━━┳━━━━━━━┓
┃ Tria… ┃ Exce… ┃ Crit… ┃ Crit… ┃ Crit… ┃ Crit… ┃ Crit… ┃ Crit… ┃ Cri… ┃ Rewa… ┃
┡━━━━━━━╇━━━━━━━╇━━━━━━━╇━━━━━━━╇━━━━━━━╇━━━━━━━╇━━━━━━━╇━━━━━━━╇━━━━━━╇━━━━━━━┩
│     1 │     0 │ 0.000 │ 0.000 │ 0.000 │ 0.000 │ 0.000 │ 0.000 │ 0.0… │ 0.000 │
└───────┴───────┴───────┴───────┴───────┴───────┴───────┴───────┴──────┴───────┘

┏━━━━━━━━┳━━━━━━━┓
┃ Reward ┃ Count ┃
┡━━━━━━━━╇━━━━━━━┩
│ 0      │     1 │
│ 0      │     1 │
│ 0      │     1 │
│ 0      │     1 │
│ 0      │     1 │
│ 0      │     1 │
│ 0      │     1 │
│ 0      │     1 │
└────────┴───────┘

Job Info
Total runtime: 1m 23s
Results written to jobs/p20-nop-2/result.json
Inspect results by running `harbor view jobs`
Share results by running `harbor upload jobs/p20-nop-2`

