  1/1 Criterion_Decision: 0.000 ━━━━━━━━━━━━━━━━━━━━━━━━━━━━━━━━ 0:27:41 0:00:00
adhoc • nop
┏━━━━━━━┳━━━━━━━┳━━━━━━━┳━━━━━━━┳━━━━━━━┳━━━━━━━┳━━━━━━━┳━━━━━━━┳━━━━━━┳━━━━━━━┓
┃ Tria… ┃ Exce… ┃ Crit… ┃ Crit… ┃ Crit… ┃ Crit… ┃ Crit… ┃ Crit… ┃ Cri… ┃ Rewa… ┃
┡━━━━━━━╇━━━━━━━╇━━━━━━━╇━━━━━━━╇━━━━━━━╇━━━━━━━╇━━━━━━━╇━━━━━━━╇━━━━━━╇━━━━━━━┩
│     1 │     0 │ 0.000 │ 0.000 │ 0.000 │ 0.000 │ 0.000 │ 0.000 │ 0.0… │ 0.000 │
└───────┴───────┴───────┴───────┴───────┴───────┴───────┴───────┴──────┴───────┘

┏━━━━━━━━┳━━━━━━━┓
┃ Reward ┃ Count ┃
┡━━━━━━━━╇━━━━━━━┩
│ 0      │     1 │
│ 0      │     1 │
│ 0      │     1 │
│ 0      │     1 │
│ 0      │     1 │
│ 0      │     1 │
│ 0      │     1 │
│ 0      │     1 │
└────────┴───────┘

Job Info
Total runtime: 27m 41s
Results written to jobs/p20v11-nop/result.json
Inspect results by running `harbor view jobs`
Share results by running `harbor upload jobs/p20v11-nop`

