  1/1 Criterion_Decision: 0.000 ━━━━━━━━━━━━━━━━━━━━━━━━━━━━━━━━ 0:00:55 0:00:00
adhoc • nop
┏━━━━━━━┳━━━━━━━┳━━━━━━━┳━━━━━━━┳━━━━━━━┳━━━━━━━┳━━━━━━━┳━━━━━━━┳━━━━━━┳━━━━━━━┓
┃ Tria… ┃ Exce… ┃ Crit… ┃ Crit… ┃ Crit… ┃ Crit… ┃ Crit… ┃ Crit… ┃ Cri… ┃ Rewa… ┃
┡━━━━━━━╇━━━━━━━╇━━━━━━━╇━━━━━━━╇━━━━━━━╇━━━━━━━╇━━━━━━━╇━━━━━━━╇━━━━━━╇━━━━━━━┩
│     1 │     0 │ 0.000 │ 0.000 │ 0.000 │ 0.000 │ 1.000 │ 0.000 │ 0.0… │ 0.000 │
└───────┴───────┴───────┴───────┴───────┴───────┴───────┴───────┴──────┴───────┘

┏━━━━━━━━┳━━━━━━━┓
┃ Reward ┃ Count ┃
┡━━━━━━━━╇━━━━━━━┩
│ 0      │     1 │
│ 0      │     1 │
│ 0      │     1 │
│ 0      │     1 │
│ 1      │     1 │
│ 0      │     1 │
│ 0      │     1 │
│ 0      │     1 │
└────────┴───────┘

Job Info
Total runtime: 55s
Results written to jobs/p22-nop-1/result.json
Inspect results by running `harbor view jobs`
Share results by running `harbor upload jobs/p22-nop-1`

exit=0
