done ('visible', 7026, 0.298962597692594, 0.12395702663453378, 342)
done ('visible', 7013, 0.2909901842203201, 0.12456546990218798, 342)
done ('hidden_a', 7000, 0.3071617975437291, 0.14804489005891464, 342)
done ('visible', 7052, 0.2977239951618906, 0.12835124372813622, 341)
done ('visible', 7000, 0.28780354484555265, 0.1181679045267181, 341)
done ('visible', 7039, 0.2887106903609974, 0.11129795902887729, 342)
done ('hidden_a', 7026, 0.31548311313732785, 0.15155463106303524, 473)
done ('hidden_a', 7013, 0.30728391328619276, 0.1499191092411336, 488)
done ('hidden_a', 7039, 0.3083422497208783, 0.14600051259437474, 485)
done ('hidden_b', 7000, 0.18167333457387422, 0.071706918237741, 489)
done ('hidden_a', 7052, 0.31595994603647193, 0.15810954879534644, 494)
done ('hidden_b', 7013, 0.18694757164123557, 0.07351391424755227, 495)
done ('hidden_b', 7026, 0.18643584852995906, 0.07276425747639137, 340)
done ('hidden_b', 7052, 0.18686034611090435, 0.07385361060799467, 319)
done ('hidden_c', 7013, 0.30599297543729065, 0.12440641782320294, 319)
done ('hidden_c', 7026, 0.3128198269445478, 0.12298915414897793, 315)
done ('hidden_c', 7000, 0.30190500558243394, 0.11933246599109248, 321)
done ('hidden_b', 7039, 0.18389467807964271, 0.0729240073489229, 322)
done ('hidden_c', 7039, 0.30322501860811313, 0.11463615861843657, 80)
done ('hidden_c', 7052, 0.3102844715295869, 0.12903879322751421, 80)
