done ('visible', 7026, 0.29702037588388536, 0.12256914751251735, 112)
done ('visible', 7013, 0.28939686453293634, 0.12275183031925829, 112)
done ('visible', 7039, 0.28653005210271676, 0.1099471189464939, 112)
done ('visible', 7000, 0.28625093040565686, 0.116985798117206, 114)
done ('visible', 7052, 0.29570036285820617, 0.1268256149311996, 122)
done ('hidden_a', 7026, 0.31291868254558985, 0.14992384696494354, 121)
done ('hidden_a', 7000, 0.30570803870487534, 0.14657267360559956, 123)
done ('hidden_a', 7013, 0.30646980833643467, 0.14799456678826528, 123)
done ('hidden_a', 7039, 0.305045124674358, 0.1444445311734346, 203)
done ('hidden_b', 7000, 0.18127209713435058, 0.07039483124212809, 204)
done ('hidden_a', 7052, 0.31422706550055823, 0.1568148467952526, 205)
done ('hidden_b', 7013, 0.18766282098995163, 0.07323790231274363, 206)
done ('hidden_b', 7039, 0.1835748511350949, 0.07255172442534785, 172)
done ('hidden_b', 7026, 0.18638351321176033, 0.07194985776921314, 174)
done ('hidden_c', 7000, 0.2995208410867138, 0.11784613070617433, 173)
done ('hidden_b', 7052, 0.1859066803126163, 0.07315631709857773, 175)
done ('hidden_c', 7013, 0.3030854577595832, 0.12332783544782921, 175)
done ('hidden_c', 7026, 0.30960992742835874, 0.12085985758563367, 174)
done ('hidden_c', 7039, 0.30082922404168216, 0.11254367106150365, 174)
done ('hidden_c', 7052, 0.3076909657610718, 0.12626345778610382, 176)
